V3 3
FL C:/hlocal/TOC/p1_lab10_pst22_gii2b/sumador.vhd 2013/10/14.20:48:41 P.68d
EN work/sumador 1381865599 FL C:/hlocal/TOC/p1_lab10_pst22_gii2b/sumador.vhd \
      PB ieee/std_logic_1164 1370735607 PB ieee/std_logic_arith 1370735608 \
      PB ieee/STD_LOGIC_UNSIGNED 1370735609
AR work/sumador/circuito 1381865600 \
      FL C:/hlocal/TOC/p1_lab10_pst22_gii2b/sumador.vhd EN work/sumador 1381865599
