AR celda circuito C:/hlocal/TOC/p3_lab10_pst22_gii2b/celda.vhd sub00/vhpl01 1384209350
EN celda NULL F:/p3_lab10_pst22_gii2b/celda.vhd sub00/vhpl00 1384474570
AR mult behavioral C:/hlocal/TOC/p3_lab10_pst22_gii2b/mult.vhd sub00/vhpl03 1384206439
EN mult NULL C:/hlocal/TOC/p3_lab10_pst22_gii2b/mult.vhd sub00/vhpl02 1384209351
EN multiplicador NULL F:/p3_lab10_pst22_gii2b/mult.vhd sub00/vhpl04 1384474572
AR multiplicador behavioral F:/p3_lab10_pst22_gii2b/mult.vhd sub00/vhpl06 1384474573
AR celda comportamiento F:/p3_lab10_pst22_gii2b/celda.vhd sub00/vhpl05 1384474571
