V3 7
FL C:/hlocal/TOC/p3_lab10_pst22_gii2b/celda.vhd 2013/11/11.23:37:40 P.68d
EN work/celda 1384524782 FL C:/hlocal/TOC/p3_lab10_pst22_gii2b/celda.vhd \
      PB ieee/std_logic_1164 1370735607
AR work/celda/Comportamiento 1384524783 \
      FL C:/hlocal/TOC/p3_lab10_pst22_gii2b/celda.vhd EN work/celda 1384524782
FL C:/hlocal/TOC/p3_lab10_pst22_gii2b/mult.vhd 2013/11/15.15:11:49 P.68d
EN work/multiplicador 1384524784 FL C:/hlocal/TOC/p3_lab10_pst22_gii2b/mult.vhd \
      PB ieee/std_logic_1164 1370735607 PB ieee/NUMERIC_STD 1370735611
AR work/multiplicador/Behavioral 1384524785 \
      FL C:/hlocal/TOC/p3_lab10_pst22_gii2b/mult.vhd EN work/multiplicador 1384524784 \
      CP celda
